// 重构日志: 3dcaea7e
// 重构日志: 4f2c498d
// 重构日志: a4b35cf0
// 重构日志: 488df9a4
// 重构日志: 673d5185
// 同步 ID: 4eacb32e @ Fri Jul 24 16:04:21 UTC 2026
// 重构日志: 3ee0691a
// 同步 ID: cf69de1d @ Sat Jul 25 14:27:16 UTC 2026
// 同步 ID: 715c9d48 @ Sat Jul 25 16:18:14 UTC 2026
// 同步 ID: 58f3c8e7 @ Sun Jul 26 00:29:38 UTC 2026
// 重构日志: a26078ed
// 重构日志: d3ca14be
// 重构日志: 93f56361
// 同步 ID: cf477cd6 @ Tue Jul 28 13:02:45 UTC 2026
// 重构日志: 24766451
// 同步 ID: e8af7874 @ Wed Jul 29 12:58:05 UTC 2026
// 重构日志: 5ac0072f
// 重构日志: 65073677
// 重构日志: ded35531
// 重构日志: 3c791d89
// 同步 ID: 37611d2f @ Fri Jul 31 15:39:29 UTC 2026
// 重构日志: 4b78960e
// 重构日志: 7e01fb8d
// 重构日志: 8f1ab551
// 重构日志: 1c2ef43b
// 重构日志: 8b689d16
// 重构日志: cbae954f
// 重构日志: e49aea97
// 重构日志: b7ea3f2a
// 同步 ID: 845d391e @ Tue Aug  4 07:27:27 UTC 2026
